filename_tud,index_Rh,index_donor_max,index_donor_min,element_Rh,element_donor_max,element_donor_min,NE_quad,NW_quad,SW_quad,SE_quad,"+,+,+_octant","-,+,+_octant","-,-,+_octant","+,-,+_octant","+,-,-_octant","-,-,-_octant","-,+,-_octant","+,+,-_octant",bite_angle,cone_angle,distance_Rh_max_donor_xyz,distance_Rh_min_donor_xyz,buried_volume_Rh_3.5A,buried_volume_donor_max,buried_volume_donor_min,buried_volume_Rh_4A,buried_volume_Rh_5A,buried_volume_Rh_6A,buried_volume_Rh_7A,dispersion_p_int_Rh_gfn2_xtb,dispersion_p_int_donor_max_gfn2_xtb,dispersion_p_int_donor_min_gfn2_xtb,sasa_gfn2_xtb,ip_gfn2_xtb,dipole_gfn2_xtb,ea_gfn2_xtb,electrofugality_gfn2_xtb,nucleofugality_gfn2_xtb,nucleophilicity_gfn2_xtb,electrophilicity_gfn2_xtb,HOMO_LUMO_gap_gfn2_xtb
[Rh+]_BPPM_SP_1,27,30,14,Rh,P,P,0.34215799570769023,0.3212742580964688,0.35965456584482797,0.29260003529485434,0.07908324462180424,0.07428997569209224,0.11414469751740547,0.09190893927577236,0.6052327467935763,0.5682585405008453,0.4710553730723032,0.6274001924138835,90.0066221504496,223.55830103799303,2.5783884792637437,2.6305525541224224,0.49385016772269846,0.87338683376817,0.8927797707789787,0.4991581838495438,0.47271845731765005,0.40819084765749014,0.3288768835782151,40.109386876894796,50.63581127513095,50.70608097507469,846.4728117347632,6.25689279845059,3.814008952507959,6.826311723002996,8.240122425435798,0.0029179039822105133,-6.25689279845059,1.9832296269852057,0.005452890205506655
[Rh+]_BPPM_SP_0,27,14,30,Rh,P,P,0.3663605881716696,0.36316412676545434,0.318800771932621,0.2968951913607305,0.08503782811405931,0.1064538348997797,0.10839505188912861,0.0554983121089814,0.64768334822928,0.6198744186311289,0.4853953308323324,0.5821032317562606,90.00893996531076,222.30508266032388,2.618439237408422,2.7149999281767947,0.45564666418188593,0.8586645080134179,0.8876956764815505,0.47113385264725965,0.47172511116016524,0.4167320513401968,0.33629093776150926,40.00886363852217,46.87008973748467,46.15139589105597,840.6624167922203,6.282612606602575,5.2305381668573006,6.937339880598659,8.37395468936776,2.2021665313418105e-06,-6.282612606602575,2.09134208276519,0.005087877113801709
