filename_tud,index_Rh,index_donor_max,index_donor_min,element_Rh,element_donor_max,element_donor_min,distance_pi_bond_1,distance_pi_bond_1_element_1,distance_pi_bond_1_element_2,distance_pi_bond_1_element_1_idx,distance_pi_bond_1_element_2_idx,distance_pi_bond_2,distance_pi_bond_2_element_1,distance_pi_bond_2_element_2,distance_pi_bond_2_element_1_idx,distance_pi_bond_2_element_2_idx,dihedral_angle_1,dihedral_angle_1_element_1,dihedral_angle_1_element_2,dihedral_angle_1_element_3,dihedral_angle_1_element_4,dihedral_angle_1_index_1,dihedral_angle_1_index_2,dihedral_angle_1_index_3,dihedral_angle_1_index_4,dihedral_angle_2,dihedral_angle_2_element_1,dihedral_angle_2_element_2,dihedral_angle_2_element_3,dihedral_angle_2_element_4,dihedral_angle_2_index_1,dihedral_angle_2_index_2,dihedral_angle_2_index_3,dihedral_angle_2_index_4,NE_quad,NW_quad,SW_quad,SE_quad,"+,+,+_octant","-,+,+_octant","-,-,+_octant","+,-,+_octant","+,-,-_octant","-,-,-_octant","-,+,-_octant","+,+,-_octant",bite_angle,cone_angle,distance_Rh_max_donor_xyz,distance_Rh_min_donor_xyz,buried_volume_Rh_3.5A,buried_volume_donor_max,buried_volume_donor_min,buried_volume_Rh_4A,buried_volume_Rh_5A,buried_volume_Rh_6A,buried_volume_Rh_7A,dispersion_p_int_Rh_gfn2_xtb,dispersion_p_int_donor_max_gfn2_xtb,dispersion_p_int_donor_min_gfn2_xtb,sasa_gfn2_xtb,ip_gfn2_xtb,dipole_gfn2_xtb,ea_gfn2_xtb,electrofugality_gfn2_xtb,nucleofugality_gfn2_xtb,nucleophilicity_gfn2_xtb,electrophilicity_gfn2_xtb,HOMO_LUMO_gap_gfn2_xtb
nbd,30,14,1,Rh,P,P,1.3918012779129065,C,C,94,91,1.3899342812162017,C,C,93,90,-5.4457292056601165,P,Rh,C,H,1,30,85,89,-6.704989843668453,P,Rh,C,H,14,30,85,88,0.34938490177214326,0.3914939401012165,0.4027171345132441,0.35963464133027445,0.016338101933816455,0.1735482144788601,0.12508040964801923,0.04439181842505251,0.6824317016104701,0.609439665723573,0.5941888730125297,0.7610424506014357,92.90196741352382,222.16537876545334,2.3303395237818885,2.3158962421706204,0.5322982668654491,0.8941425177040626,0.909231736861722,0.5294247718949786,0.5042138374696478,0.45630414077735953,0.37579342263311,55.94874396139601,62.85689936767732,62.39803780125365,826.5735111923951,3.0706424861131643,1.9867959651858218,4.793289467665705,3.435151125700391,0.41721917192152225,-3.0706424861131643,0.36450863958722707,0.06725722812567464
