filename_tud,NE_quad_boltzmann_average,NE_quad_boltzmann_std,NE_quad_boltzmann_variance,NE_quad_Emin_conformer,NW_quad_boltzmann_average,NW_quad_boltzmann_std,NW_quad_boltzmann_variance,NW_quad_Emin_conformer,SW_quad_boltzmann_average,SW_quad_boltzmann_std,SW_quad_boltzmann_variance,SW_quad_Emin_conformer,SE_quad_boltzmann_average,SE_quad_boltzmann_std,SE_quad_boltzmann_variance,SE_quad_Emin_conformer,"+,+,+_octant_boltzmann_average","+,+,+_octant_boltzmann_std","+,+,+_octant_boltzmann_variance","+,+,+_octant_Emin_conformer","-,+,+_octant_boltzmann_average","-,+,+_octant_boltzmann_std","-,+,+_octant_boltzmann_variance","-,+,+_octant_Emin_conformer","-,-,+_octant_boltzmann_average","-,-,+_octant_boltzmann_std","-,-,+_octant_boltzmann_variance","-,-,+_octant_Emin_conformer","+,-,+_octant_boltzmann_average","+,-,+_octant_boltzmann_std","+,-,+_octant_boltzmann_variance","+,-,+_octant_Emin_conformer","+,-,-_octant_boltzmann_average","+,-,-_octant_boltzmann_std","+,-,-_octant_boltzmann_variance","+,-,-_octant_Emin_conformer","-,-,-_octant_boltzmann_average","-,-,-_octant_boltzmann_std","-,-,-_octant_boltzmann_variance","-,-,-_octant_Emin_conformer","-,+,-_octant_boltzmann_average","-,+,-_octant_boltzmann_std","-,+,-_octant_boltzmann_variance","-,+,-_octant_Emin_conformer","+,+,-_octant_boltzmann_average","+,+,-_octant_boltzmann_std","+,+,-_octant_boltzmann_variance","+,+,-_octant_Emin_conformer",bite_angle_boltzmann_average,bite_angle_boltzmann_std,bite_angle_boltzmann_variance,bite_angle_Emin_conformer,cone_angle_boltzmann_average,cone_angle_boltzmann_std,cone_angle_boltzmann_variance,cone_angle_Emin_conformer,distance_Rh_max_donor_crest_boltzmann_average,distance_Rh_max_donor_crest_boltzmann_std,distance_Rh_max_donor_crest_boltzmann_variance,distance_Rh_max_donor_crest_Emin_conformer,distance_Rh_min_donor_crest_boltzmann_average,distance_Rh_min_donor_crest_boltzmann_std,distance_Rh_min_donor_crest_boltzmann_variance,distance_Rh_min_donor_crest_Emin_conformer,buried_volume_Rh_3.5A_boltzmann_average,buried_volume_Rh_3.5A_boltzmann_std,buried_volume_Rh_3.5A_boltzmann_variance,buried_volume_Rh_3.5A_Emin_conformer,buried_volume_donor_max_boltzmann_average,buried_volume_donor_max_boltzmann_std,buried_volume_donor_max_boltzmann_variance,buried_volume_donor_max_Emin_conformer,buried_volume_donor_min_boltzmann_average,buried_volume_donor_min_boltzmann_std,buried_volume_donor_min_boltzmann_variance,buried_volume_donor_min_Emin_conformer,buried_volume_Rh_4A_boltzmann_average,buried_volume_Rh_4A_boltzmann_std,buried_volume_Rh_4A_boltzmann_variance,buried_volume_Rh_4A_Emin_conformer,buried_volume_Rh_5A_boltzmann_average,buried_volume_Rh_5A_boltzmann_std,buried_volume_Rh_5A_boltzmann_variance,buried_volume_Rh_5A_Emin_conformer,buried_volume_Rh_6A_boltzmann_average,buried_volume_Rh_6A_boltzmann_std,buried_volume_Rh_6A_boltzmann_variance,buried_volume_Rh_6A_Emin_conformer,buried_volume_Rh_7A_boltzmann_average,buried_volume_Rh_7A_boltzmann_std,buried_volume_Rh_7A_boltzmann_variance,buried_volume_Rh_7A_Emin_conformer,dispersion_p_int_Rh_gfn2_xtb_boltzmann_average,dispersion_p_int_Rh_gfn2_xtb_boltzmann_std,dispersion_p_int_Rh_gfn2_xtb_boltzmann_variance,dispersion_p_int_Rh_gfn2_xtb_Emin_conformer,dispersion_p_int_donor_max_gfn2_xtb_boltzmann_average,dispersion_p_int_donor_max_gfn2_xtb_boltzmann_std,dispersion_p_int_donor_max_gfn2_xtb_boltzmann_variance,dispersion_p_int_donor_max_gfn2_xtb_Emin_conformer,dispersion_p_int_donor_min_gfn2_xtb_boltzmann_average,dispersion_p_int_donor_min_gfn2_xtb_boltzmann_std,dispersion_p_int_donor_min_gfn2_xtb_boltzmann_variance,dispersion_p_int_donor_min_gfn2_xtb_Emin_conformer,sasa_gfn2_xtb_boltzmann_average,sasa_gfn2_xtb_boltzmann_std,sasa_gfn2_xtb_boltzmann_variance,sasa_gfn2_xtb_Emin_conformer,ip_gfn2_xtb_boltzmann_average,ip_gfn2_xtb_boltzmann_std,ip_gfn2_xtb_boltzmann_variance,ip_gfn2_xtb_Emin_conformer,dipole_gfn2_xtb_boltzmann_average,dipole_gfn2_xtb_boltzmann_std,dipole_gfn2_xtb_boltzmann_variance,dipole_gfn2_xtb_Emin_conformer,ea_gfn2_xtb_boltzmann_average,ea_gfn2_xtb_boltzmann_std,ea_gfn2_xtb_boltzmann_variance,ea_gfn2_xtb_Emin_conformer,electrofugality_gfn2_xtb_boltzmann_average,electrofugality_gfn2_xtb_boltzmann_std,electrofugality_gfn2_xtb_boltzmann_variance,electrofugality_gfn2_xtb_Emin_conformer,nucleofugality_gfn2_xtb_boltzmann_average,nucleofugality_gfn2_xtb_boltzmann_std,nucleofugality_gfn2_xtb_boltzmann_variance,nucleofugality_gfn2_xtb_Emin_conformer,nucleophilicity_gfn2_xtb_boltzmann_average,nucleophilicity_gfn2_xtb_boltzmann_std,nucleophilicity_gfn2_xtb_boltzmann_variance,nucleophilicity_gfn2_xtb_Emin_conformer,electrophilicity_gfn2_xtb_boltzmann_average,electrophilicity_gfn2_xtb_boltzmann_std,electrophilicity_gfn2_xtb_boltzmann_variance,electrophilicity_gfn2_xtb_Emin_conformer,HOMO_LUMO_gap_gfn2_xtb_boltzmann_average,HOMO_LUMO_gap_gfn2_xtb_boltzmann_std,HOMO_LUMO_gap_gfn2_xtb_boltzmann_variance,HOMO_LUMO_gap_gfn2_xtb_Emin_conformer
L40_example,0.3956211609729995,0.0,0.0,0.3956211609729995,0.368814149820964,0.0,0.0,0.368814149820964,0.3960737320892846,0.0,0.0,0.3960737320892846,0.36816233355914446,0.0,0.0,0.36816233355914446,0.05632375628333798,0.0,0.0,0.05632375628333798,0.1735766780710793,0.0,0.0,0.1735766780710793,0.1735026727313094,0.0,0.0,0.1735026727313094,0.05575448443895414,0.0,0.0,0.05575448443895414,0.7349185656626609,0.0,0.0,0.7349185656626609,0.5640516215708488,0.0,0.0,0.5640516215708488,0.5628219943869797,0.0,0.0,0.5628219943869797,0.736392979739615,0.0,0.0,0.736392979739615,95.69521706926372,0.0,0.0,95.69521706926372,225.4967735926093,0.0,0.0,225.4967735926093,2.3775321733128125,0.0,0.0,2.3775321733128125,2.377185702577333,0.0,0.0,2.377185702577333,0.5344821561684682,0.0,0.0,0.5344821561684682,0.8940842806559821,0.0,0.0,0.8940842806559821,0.8943579947819605,0.0,0.0,0.8943579947819605,0.5366015455279002,0.0,0.0,0.5366015455279002,0.5180654977767967,0.0,0.0,0.5180654977767967,0.46267064265953106,0.0,0.0,0.46267064265953106,0.38214934277565565,0.0,0.0,0.38214934277565565,60.64507683184614,0.0,0.0,60.64507683184614,55.373619249083205,0.0,0.0,55.373619249083205,54.84189428218189,0.0,0.0,54.84189428218189,837.4945063675558,0.0,0.0,837.4945063675558,3.808194148421938,0.0,0.0,3.808194148421938,0.4906343051444824,0.0,0.0,0.4906343051444824,5.551476768769426,0.0,0.0,5.551476768769426,4.62897568665943,0.0,0.0,4.62897568665943,0.11530476946806666,0.0,0.0,0.11530476946806666,-3.808194148421938,0.0,0.0,-3.808194148421938,0.8207815382374926,0.0,0.0,0.8207815382374926,0.05760424352832061,0.0,0.0,0.05760424352832061
